// Jest Snapshot v1, https://goo.gl/fbAQLP

exports[`getSize returns a default size for unknown sizes 1`] = `"1rem"`;

exports[`getSize returns size for lg icons 1`] = `"2rem"`;

exports[`getSize returns size for md icons 1`] = `"1.5rem"`;

exports[`getSize returns size for sm icons 1`] = `"1rem"`;

exports[`getSize returns size for xl icons 1`] = `"3rem"`;
