// Jest Snapshot v1, https://goo.gl/fbAQLP

exports[`additional props should be spread to the root svg element 1`] = `
<svg
  aria-hidden={true}
  aria-labelledby={null}
  data-testid="icon"
  fill="currentColor"
  height="1rem"
  role="img"
  viewBox="0 0 10 20"
  width="1rem"
>
  <path
    d="svgPath"
  />
</svg>
`;

exports[`height and width are set from size: height 1`] = `"1rem"`;

exports[`height and width are set from size: width 1`] = `"1rem"`;
