// Jest Snapshot v1, https://goo.gl/fbAQLP

exports[`placeholder render test 1`] = `
<div>
  VncConsole
</div>
`;
